


78K0R Linker W1.70                            Date:22 Aug 2015 Page:   1

Command:   -yF:\Ruisa_CubeSuit\CubeSuite+\Device\RL78\Devicefile -_msgof
           f -oDefaultBuild\FLY_8_22.lmf -gi00000000000000000000h -go84h
           ,0FE00h,512 -gb0EFFFE8H -mi0 -s -pDefaultBuild\FLY_8_22.map F
           :\Ruisa_CubeSuit\CubeSuite+\CA78K0R\V1.60\lib78k0r\s0rll.rel 
           DefaultBuild\r_main.rel DefaultBuild\r_systeminit.rel Default
           Build\r_cg_cgc.rel DefaultBuild\r_cg_cgc_user.rel DefaultBuil
           d\r_cg_port.rel DefaultBuild\r_cg_port_user.rel DefaultBuild\
           r_cg_intc.rel DefaultBuild\r_cg_intc_user.rel DefaultBuild\r_
           cg_serial.rel DefaultBuild\r_cg_serial_user.rel DefaultBuild\
           r_cg_timer.rel DefaultBuild\r_cg_timer_user.rel DefaultBuild\
           IIC.rel DefaultBuild\inv_mpu.rel DefaultBuild\inv_mpu_dmp_mot
           ion_driver.rel DefaultBuild\Matrix3f.rel DefaultBuild\Vector3
           f.rel DefaultBuild\AP_Math.rel DefaultBuild\delay.rel Default
           Build\r_cg_it.rel DefaultBuild\r_cg_it_user.rel DefaultBuild\
           ahrs.rel DefaultBuild\cmd.rel DefaultBuild\AC_PID.rel Default
           Build\AP_MotorsQuard.rel DefaultBuild\ArduCopter.rel DefaultB
           uild\RC_Channel.rel DefaultBuild\r_cg_adc.rel DefaultBuild\r_
           cg_adc_user.rel DefaultBuild\ccd.rel DefaultBuild\task.rel -b
           cl0ram.lib -bcl0rm.lib -bcl0rmf.lib -iF:\Ruisa_CubeSuit\CubeS
           uite+\CA78K0R\V1.60\lib78k0r
Para-file:
Out-file:  DefaultBuild\FLY_8_22.lmf
Map-file:  DefaultBuild\FLY_8_22.map
Direc-file:
Directive:


*** Link information ***

    70 output segment(s)
 DD2FH byte(s) real data
  5338 symbol(s) defined


*** Memory map ***


  SPACE=REGULAR

  MEMORY=ROM
  BASE ADDRESS=00000H   SIZE=10000H
         OUTPUT   INPUT    INPUT      BASE      SIZE
         SEGMENT  SEGMENT  MODULE     ADDRESS
         @@VECT00                     00000H    00002H  CSEG AT
                  @@VECT00 @cstart    00000H    00002H
         @@CNSTL                      00002H    00000H  CSEG PAGE64KP
                  @@CNSTL  @cstart    00002H    00000H
         @@CNSTL                      00002H    00000H  CSEG PAGE64KP
                  @@CNSTL  r_main     00002H    00000H
         @@CNSTL                      00002H    00000H  CSEG PAGE64KP
                  @@CNSTL  r_systeminit
                                      00002H    00000H
         @@CNSTL                      00002H    00000H  CSEG PAGE64KP
                  @@CNSTL  r_cg_cgc   00002H    00000H
         @@CNSTL                      00002H    00000H  CSEG PAGE64KP
                  @@CNSTL  r_cg_cgc_user
                                      00002H    00000H
         @@CNSTL                      00002H    00000H  CSEG PAGE64KP
                  @@CNSTL  r_cg_port
                                      00002H    00000H
         @@CNSTL                      00002H    00000H  CSEG PAGE64KP
                  @@CNSTL  r_cg_port_user
                                      00002H    00000H
         @@CNSTL                      00002H    00000H  CSEG PAGE64KP
                  @@CNSTL  r_cg_intc
                                      00002H    00000H
         @@CNSTL                      00002H    00000H  CSEG PAGE64KP
                  @@CNSTL  r_cg_intc_user
                                      00002H    00000H
         @@CNSTL                      00002H    00000H  CSEG PAGE64KP
                  @@CNSTL  r_cg_serial
                                      00002H    00000H
         @@CNSTL                      00002H    00000H  CSEG PAGE64KP
                  @@CNSTL  r_cg_serial_user
                                      00002H    00000H
         @@CNSTL                      00002H    00000H  CSEG PAGE64KP
                  @@CNSTL  r_cg_timer
                                      00002H    00000H
         @@CNSTL                      00002H    00000H  CSEG PAGE64KP
                  @@CNSTL  r_cg_timer_user
                                      00002H    00000H
         @@CNSTL                      00002H    00000H  CSEG PAGE64KP
                  @@CNSTL  IIC        00002H    00000H
         @@CNSTL                      00002H    00000H  CSEG PAGE64KP
                  @@CNSTL  inv_mpu    00002H    00000H
         @@CNSTL                      00002H    00000H  CSEG PAGE64KP
                  @@CNSTL  inv_mpu_dmp_motion_driver
                                      00002H    00000H
         @@CNSTL                      00002H    00000H  CSEG PAGE64KP
                  @@CNSTL  Matrix3f   00002H    00000H
         @@CNSTL                      00002H    00000H  CSEG PAGE64KP
                  @@CNSTL  Vector3f   00002H    00000H
         @@CNSTL                      00002H    00000H  CSEG PAGE64KP
                  @@CNSTL  AP_Math    00002H    00000H
         @@CNSTL                      00002H    00000H  CSEG PAGE64KP
                  @@CNSTL  delay      00002H    00000H
         @@CNSTL                      00002H    00000H  CSEG PAGE64KP
                  @@CNSTL  r_cg_it    00002H    00000H
         @@CNSTL                      00002H    00000H  CSEG PAGE64KP
                  @@CNSTL  r_cg_it_user
                                      00002H    00000H
         @@CNSTL                      00002H    00000H  CSEG PAGE64KP
                  @@CNSTL  ahrs       00002H    00000H
         @@CNSTL                      00002H    00000H  CSEG PAGE64KP
                  @@CNSTL  cmd        00002H    00000H
         @@CNSTL                      00002H    00000H  CSEG PAGE64KP
                  @@CNSTL  AC_PID     00002H    00000H
         @@CNSTL                      00002H    00000H  CSEG PAGE64KP
                  @@CNSTL  AP_MotorsQuard
                                      00002H    00000H
         @@CNSTL                      00002H    00000H  CSEG PAGE64KP
                  @@CNSTL  ArduCopter
                                      00002H    00000H
         @@CNSTL                      00002H    00000H  CSEG PAGE64KP
                  @@CNSTL  RC_Channel
                                      00002H    00000H
         @@CNSTL                      00002H    00000H  CSEG PAGE64KP
                  @@CNSTL  r_cg_adc   00002H    00000H
         @@CNSTL                      00002H    00000H  CSEG PAGE64KP
                  @@CNSTL  r_cg_adc_user
                                      00002H    00000H
         @@CNSTL                      00002H    00000H  CSEG PAGE64KP
                  @@CNSTL  ccd        00002H    00000H
         @@CNSTL                      00002H    00000H  CSEG PAGE64KP
                  @@CNSTL  task       00002H    00000H
         @@RLINIT                     00002H    00000H  CSEG UNIT64KP
                  @@RLINIT @cstart    00002H    00000H
                  @@RLINIT r_main     00002H    00000H
                  @@RLINIT r_systeminit
                                      00002H    00000H
                  @@RLINIT r_cg_cgc   00002H    00000H
                  @@RLINIT r_cg_cgc_user
                                      00002H    00000H
                  @@RLINIT r_cg_port
                                      00002H    00000H
                  @@RLINIT r_cg_port_user
                                      00002H    00000H
                  @@RLINIT r_cg_intc
                                      00002H    00000H
                  @@RLINIT r_cg_intc_user
                                      00002H    00000H
                  @@RLINIT r_cg_serial
                                      00002H    00000H
                  @@RLINIT r_cg_serial_user
                                      00002H    00000H
                  @@RLINIT r_cg_timer
                                      00002H    00000H
                  @@RLINIT r_cg_timer_user
                                      00002H    00000H
                  @@RLINIT IIC        00002H    00000H
                  @@RLINIT inv_mpu    00002H    00000H
                  @@RLINIT inv_mpu_dmp_motion_driver
                                      00002H    00000H
                  @@RLINIT Matrix3f   00002H    00000H
                  @@RLINIT Vector3f   00002H    00000H
                  @@RLINIT AP_Math    00002H    00000H
                  @@RLINIT delay      00002H    00000H
                  @@RLINIT r_cg_it    00002H    00000H
                  @@RLINIT r_cg_it_user
                                      00002H    00000H
                  @@RLINIT ahrs       00002H    00000H
                  @@RLINIT cmd        00002H    00000H
                  @@RLINIT AC_PID     00002H    00000H
                  @@RLINIT AP_MotorsQuard
                                      00002H    00000H
                  @@RLINIT ArduCopter
                                      00002H    00000H
                  @@RLINIT RC_Channel
                                      00002H    00000H
                  @@RLINIT r_cg_adc   00002H    00000H
                  @@RLINIT r_cg_adc_user
                                      00002H    00000H
                  @@RLINIT ccd        00002H    00000H
                  @@RLINIT task       00002H    00000H
                  @@RLINIT @rom       00002H    00000H
         @@R_INIS                     00002H    00000H  CSEG UNIT64KP
                  @@R_INIS @cstart    00002H    00000H
                  @@R_INIS r_main     00002H    00000H
                  @@R_INIS r_systeminit
                                      00002H    00000H
                  @@R_INIS r_cg_cgc   00002H    00000H
                  @@R_INIS r_cg_cgc_user
                                      00002H    00000H
                  @@R_INIS r_cg_port
                                      00002H    00000H
                  @@R_INIS r_cg_port_user
                                      00002H    00000H
                  @@R_INIS r_cg_intc
                                      00002H    00000H
                  @@R_INIS r_cg_intc_user
                                      00002H    00000H
                  @@R_INIS r_cg_serial
                                      00002H    00000H
                  @@R_INIS r_cg_serial_user
                                      00002H    00000H
                  @@R_INIS r_cg_timer
                                      00002H    00000H
                  @@R_INIS r_cg_timer_user
                                      00002H    00000H
                  @@R_INIS IIC        00002H    00000H
                  @@R_INIS inv_mpu    00002H    00000H
                  @@R_INIS inv_mpu_dmp_motion_driver
                                      00002H    00000H
                  @@R_INIS Matrix3f   00002H    00000H
                  @@R_INIS Vector3f   00002H    00000H
                  @@R_INIS AP_Math    00002H    00000H
                  @@R_INIS delay      00002H    00000H
                  @@R_INIS r_cg_it    00002H    00000H
                  @@R_INIS r_cg_it_user
                                      00002H    00000H
                  @@R_INIS ahrs       00002H    00000H
                  @@R_INIS cmd        00002H    00000H
                  @@R_INIS AC_PID     00002H    00000H
                  @@R_INIS AP_MotorsQuard
                                      00002H    00000H
                  @@R_INIS ArduCopter
                                      00002H    00000H
                  @@R_INIS RC_Channel
                                      00002H    00000H
                  @@R_INIS r_cg_adc   00002H    00000H
                  @@R_INIS r_cg_adc_user
                                      00002H    00000H
                  @@R_INIS ccd        00002H    00000H
                  @@R_INIS task       00002H    00000H
                  @@R_INIS @rom       00002H    00000H
         @@CALT                       00002H    00000H  CSEG
                  @@CALT   @cstart    00002H    00000H
                  @@CALT   r_main     00002H    00000H
                  @@CALT   r_systeminit
                                      00002H    00000H
                  @@CALT   r_cg_cgc   00002H    00000H
                  @@CALT   r_cg_cgc_user
                                      00002H    00000H
                  @@CALT   r_cg_port
                                      00002H    00000H
                  @@CALT   r_cg_port_user
                                      00002H    00000H
                  @@CALT   r_cg_intc
                                      00002H    00000H
                  @@CALT   r_cg_intc_user
                                      00002H    00000H
                  @@CALT   r_cg_serial
                                      00002H    00000H
                  @@CALT   r_cg_serial_user
                                      00002H    00000H
                  @@CALT   r_cg_timer
                                      00002H    00000H
                  @@CALT   r_cg_timer_user
                                      00002H    00000H
                  @@CALT   IIC        00002H    00000H
                  @@CALT   inv_mpu    00002H    00000H
                  @@CALT   inv_mpu_dmp_motion_driver
                                      00002H    00000H
                  @@CALT   Matrix3f   00002H    00000H
                  @@CALT   Vector3f   00002H    00000H
                  @@CALT   AP_Math    00002H    00000H
                  @@CALT   delay      00002H    00000H
                  @@CALT   r_cg_it    00002H    00000H
                  @@CALT   r_cg_it_user
                                      00002H    00000H
                  @@CALT   ahrs       00002H    00000H
                  @@CALT   cmd        00002H    00000H
                  @@CALT   AC_PID     00002H    00000H
                  @@CALT   AP_MotorsQuard
                                      00002H    00000H
                  @@CALT   ArduCopter
                                      00002H    00000H
                  @@CALT   RC_Channel
                                      00002H    00000H
                  @@CALT   r_cg_adc   00002H    00000H
                  @@CALT   r_cg_adc_user
                                      00002H    00000H
                  @@CALT   ccd        00002H    00000H
                  @@CALT   task       00002H    00000H
         ??NMIROM                     00002H    00002H  CSEG
* gap *                               00004H    00004H
         @@VECT08                     00008H    00002H  CSEG AT
                  @@VECT08 r_cg_intc_user
                                      00008H    00002H
         @@CNSTL                      0000AH    00014H  CSEG PAGE64KP
                  @@CNSTL  m_fsqrtx   0000AH    00014H
         @@VECT1E                     0001EH    00004H  CSEG AT
                  @@VECT1E r_cg_serial_user
                                      0001EH    00004H
* gap *                               00022H    0000AH
         @@VECT2C                     0002CH    00008H  CSEG AT
                  @@VECT2C r_cg_timer_user
                                      0002CH    00008H
         @@VECT34                     00034H    00002H  CSEG AT
                  @@VECT34 r_cg_adc_user
                                      00034H    00002H
* gap *                               00036H    00002H
         @@VECT38                     00038H    00002H  CSEG AT
                  @@VECT38 r_cg_it_user
                                      00038H    00002H
         @@VECT3A                     0003AH    00002H  CSEG AT
                  @@VECT3A r_cg_intc_user
                                      0003AH    00002H
* gap *                               0003CH    00006H
         @@VECT42                     00042H    00006H  CSEG AT
                  @@VECT42 r_cg_timer_user
                                      00042H    00006H
         @@CNSTL                      00048H    00030H  CSEG PAGE64KP
                  @@CNSTL  m_fatanx   00048H    00030H
         @@CNSTL                      00078H    0001EH  CSEG PAGE64KP
                  @@CNSTL  m_fsinx    00078H    0001EH
         @@CNSTL                      00096H    0001EH  CSEG PAGE64KP
                  @@CNSTL  m_flogx    00096H    0001EH
* gap *                               000B4H    0000CH
         ?CSEGOB0                     000C0H    00004H  CSEG OPT_BYTE
         @@CODE                       000C4H    00000H  CSEG BASE
                  @@CODE   r_main     000C4H    00000H
                  @@CODE   r_systeminit
                                      000C4H    00000H
                  @@CODE   r_cg_cgc   000C4H    00000H
                  @@CODE   r_cg_cgc_user
                                      000C4H    00000H
                  @@CODE   r_cg_port
                                      000C4H    00000H
                  @@CODE   r_cg_port_user
                                      000C4H    00000H
                  @@CODE   r_cg_intc
                                      000C4H    00000H
                  @@CODE   r_cg_intc_user
                                      000C4H    00000H
                  @@CODE   r_cg_serial
                                      000C4H    00000H
                  @@CODE   r_cg_serial_user
                                      000C4H    00000H
                  @@CODE   r_cg_timer
                                      000C4H    00000H
                  @@CODE   r_cg_timer_user
                                      000C4H    00000H
                  @@CODE   IIC        000C4H    00000H
                  @@CODE   inv_mpu    000C4H    00000H
                  @@CODE   inv_mpu_dmp_motion_driver
                                      000C4H    00000H
                  @@CODE   Matrix3f   000C4H    00000H
                  @@CODE   Vector3f   000C4H    00000H
                  @@CODE   AP_Math    000C4H    00000H
                  @@CODE   delay      000C4H    00000H
                  @@CODE   r_cg_it    000C4H    00000H
                  @@CODE   r_cg_it_user
                                      000C4H    00000H
                  @@CODE   ahrs       000C4H    00000H
                  @@CODE   cmd        000C4H    00000H
                  @@CODE   AC_PID     000C4H    00000H
                  @@CODE   AP_MotorsQuard
                                      000C4H    00000H
                  @@CODE   ArduCopter
                                      000C4H    00000H
                  @@CODE   RC_Channel
                                      000C4H    00000H
                  @@CODE   r_cg_adc   000C4H    00000H
                  @@CODE   r_cg_adc_user
                                      000C4H    00000H
                  @@CODE   ccd        000C4H    00000H
                  @@CODE   task       000C4H    00000H
         ?CSEGSI                      000C4H    0000AH  CSEG
         ?OCDSTAD                     000CEH    0000AH  CSEG
         @@LCODE                      000D8H    00C1DH  CSEG BASE
                  @@LCODE  @cstart    000D8H    000ADH
                  @@LCODE  @imul      00185H    00011H
                  @@LCODE  @lmul      00196H    0002BH
                  @@LCODE  @isdiv     001C1H    00022H
                  @@LCODE  @iudiv     001E3H    0002DH
                  @@LCODE  @isrem     00210H    00021H
                  @@LCODE  @iurem     00231H    0002FH
                  @@LCODE  @lsdiv     00260H    00039H
                  @@LCODE  @ludiv     00299H    0003FH
                  @@LCODE  @divuw     002D8H    00034H
                  @@LCODE  m_fmul     0030CH    0012BH
                  @@LCODE  m_fdiv     00437H    001B8H
                  @@LCODE  @ladd      005EFH    0000FH
                  @@LCODE  @lsub      005FEH    00012H
                  @@LCODE  @llsh      00610H    0001BH
                  @@LCODE  @lsrsh     0062BH    0001FH
                  @@LCODE  @lursh     0064AH    0001FH
                  @@LCODE  @cscmp     00669H    0000CH
                  @@LCODE  @iscmp     00675H    0000CH
                  @@LCODE  @lscmp     00681H    00014H
                  @@LCODE  @lband     00695H    00014H
                  @@LCODE  @lbor      006A9H    00014H
                  @@LCODE  m_fcom1    006BDH    000CFH
                  @@LCODE  m_fcom5    0078CH    0002AH
                  @@LCODE  m_fcom6    007B6H    0001FH
                  @@LCODE  m_fadd     007D5H    0013AH
                  @@LCODE  m_fsub     0090FH    00014H
                  @@LCODE  m_frev     00923H    00004H
                  @@LCODE  m_fcmp     00927H    00073H
                  @@LCODE  m_ftols    0099AH    00078H
                  @@LCODE  m_ftolu    00A12H    0002BH
                  @@LCODE  m_lstof    00A3DH    00016H
                  @@LCODE  m_lutof    00A53H    0004DH
                  @@LCODE  m_fdivx    00AA0H    0011BH
                  @@LCODE  m_fmulx    00BBBH    0013AH
         @@BASE                       00CF5H    00961H  CSEG BASE
                  @@BASE   r_main     00CF5H    00000H
                  @@BASE   r_systeminit
                                      00CF5H    00000H
                  @@BASE   r_cg_cgc   00CF5H    00000H
                  @@BASE   r_cg_cgc_user
                                      00CF5H    00000H
                  @@BASE   r_cg_port
                                      00CF5H    00000H
                  @@BASE   r_cg_port_user
                                      00CF5H    00000H
                  @@BASE   r_cg_intc
                                      00CF5H    00000H
                  @@BASE   r_cg_intc_user
                                      00CF5H    006FCH
                  @@BASE   r_cg_serial
                                      013F1H    00000H
                  @@BASE   r_cg_serial_user
                                      013F1H    0009EH
                  @@BASE   r_cg_timer
                                      0148FH    00000H
                  @@BASE   r_cg_timer_user
                                      0148FH    000F9H
                  @@BASE   IIC        01588H    00000H
                  @@BASE   inv_mpu    01588H    00000H
                  @@BASE   inv_mpu_dmp_motion_driver
                                      01588H    00000H
                  @@BASE   Matrix3f   01588H    00000H
                  @@BASE   Vector3f   01588H    00000H
                  @@BASE   AP_Math    01588H    00000H
                  @@BASE   delay      01588H    00000H
                  @@BASE   r_cg_it    01588H    00000H
                  @@BASE   r_cg_it_user
                                      01588H    000C9H
                  @@BASE   ahrs       01651H    00000H
                  @@BASE   cmd        01651H    00000H
                  @@BASE   AC_PID     01651H    00000H
                  @@BASE   AP_MotorsQuard
                                      01651H    00000H
                  @@BASE   ArduCopter
                                      01651H    00000H
                  @@BASE   RC_Channel
                                      01651H    00000H
                  @@BASE   r_cg_adc   01651H    00000H
                  @@BASE   r_cg_adc_user
                                      01651H    00005H
                  @@BASE   ccd        01656H    00000H
                  @@BASE   task       01656H    00000H
         @@CNSTL                      01656H    000CEH  CSEG PAGE64KP
                  @@CNSTL  m_fcom5    01656H    000CEH
         @@CNSTL                      01724H    00078H  CSEG PAGE64KP
                  @@CNSTL  m_fexpx    01724H    00078H
         @@R_INIT                     0179CH    000B2H  CSEG UNIT64KP
                  @@R_INIT @cstart    0179CH    00000H
                  @@R_INIT r_main     0179CH    00006H
                  @@R_INIT r_systeminit
                                      017A2H    00000H
                  @@R_INIT r_cg_cgc   017A2H    00000H
                  @@R_INIT r_cg_cgc_user
                                      017A2H    00000H
                  @@R_INIT r_cg_port
                                      017A2H    00000H
                  @@R_INIT r_cg_port_user
                                      017A2H    00000H
                  @@R_INIT r_cg_intc
                                      017A2H    00000H
                  @@R_INIT r_cg_intc_user
                                      017A2H    00002H
                  @@R_INIT r_cg_serial
                                      017A4H    00000H
                  @@R_INIT r_cg_serial_user
                                      017A4H    00002H
                  @@R_INIT r_cg_timer
                                      017A6H    00000H
                  @@R_INIT r_cg_timer_user
                                      017A6H    00008H
                  @@R_INIT IIC        017AEH    00000H
                  @@R_INIT inv_mpu    017AEH    00030H
                  @@R_INIT inv_mpu_dmp_motion_driver
                                      017DEH    00010H
                  @@R_INIT Matrix3f   017EEH    00000H
                  @@R_INIT Vector3f   017EEH    00000H
                  @@R_INIT AP_Math    017EEH    00000H
                  @@R_INIT delay      017EEH    00000H
                  @@R_INIT r_cg_it    017EEH    00000H
                  @@R_INIT r_cg_it_user
                                      017EEH    00016H
                  @@R_INIT ahrs       01804H    00016H
                  @@R_INIT cmd        0181AH    00000H
                  @@R_INIT AC_PID     0181AH    00000H
                  @@R_INIT AP_MotorsQuard
                                      0181AH    00004H
                  @@R_INIT ArduCopter
                                      0181EH    00022H
                  @@R_INIT RC_Channel
                                      01840H    00000H
                  @@R_INIT r_cg_adc   01840H    00000H
                  @@R_INIT r_cg_adc_user
                                      01840H    00000H
                  @@R_INIT ccd        01840H    0000EH
                  @@R_INIT task       0184EH    00000H
                  @@R_INIT @rom       0184EH    00000H
* gap *                               0184EH    007B2H
         @@CNST                       02000H    01170H  CSEG MIRRORP
                  @@CNST   @cstart    02000H    00000H
                  @@CNST   r_main     02000H    00026H
                  @@CNST   r_systeminit
                                      02026H    00000H
                  @@CNST   r_cg_cgc   02026H    00000H
                  @@CNST   r_cg_cgc_user
                                      02026H    00000H
                  @@CNST   r_cg_port
                                      02026H    00000H
                  @@CNST   r_cg_port_user
                                      02026H    00000H
                  @@CNST   r_cg_intc
                                      02026H    00000H
                  @@CNST   r_cg_intc_user
                                      02026H    00000H
                  @@CNST   r_cg_serial
                                      02026H    0011AH
                  @@CNST   r_cg_serial_user
                                      02140H    00000H
                  @@CNST   r_cg_timer
                                      02140H    00000H
                  @@CNST   r_cg_timer_user
                                      02140H    00000H
                  @@CNST   IIC        02140H    00000H
                  @@CNST   inv_mpu    02140H    001ACH
                  @@CNST   inv_mpu_dmp_motion_driver
                                      022ECH    00C38H
                  @@CNST   Matrix3f   02F24H    00000H
                  @@CNST   Vector3f   02F24H    00000H
                  @@CNST   AP_Math    02F24H    00000H
                  @@CNST   delay      02F24H    00000H
                  @@CNST   r_cg_it    02F24H    00000H
                  @@CNST   r_cg_it_user
                                      02F24H    00000H
                  @@CNST   ahrs       02F24H    0024CH
                  @@CNST   cmd        03170H    00000H
                  @@CNST   AC_PID     03170H    00000H
                  @@CNST   AP_MotorsQuard
                                      03170H    00000H
                  @@CNST   ArduCopter
                                      03170H    00000H
                  @@CNST   RC_Channel
                                      03170H    00000H
                  @@CNST   r_cg_adc   03170H    00000H
                  @@CNST   r_cg_adc_user
                                      03170H    00000H
                  @@CNST   ccd        03170H    00000H
                  @@CNST   task       03170H    00000H
         @@CODEL                      03170H    0A070H  CSEG
                  @@CODEL  r_main     03170H    00169H
                  @@CODEL  r_systeminit
                                      032D9H    00036H
                  @@CODEL  r_cg_cgc   0330FH    00017H
                  @@CODEL  r_cg_cgc_user
                                      03326H    00005H
                  @@CODEL  r_cg_port
                                      0332BH    00021H
                  @@CODEL  r_cg_port_user
                                      0334CH    00000H
                  @@CODEL  r_cg_intc
                                      0334CH    000ACH
                  @@CODEL  r_cg_intc_user
                                      033F8H    00000H
                  @@CODEL  r_cg_serial
                                      033F8H    0059AH
                  @@CODEL  r_cg_serial_user
                                      03992H    0007FH
                  @@CODEL  r_cg_timer
                                      03A11H    002F1H
                  @@CODEL  r_cg_timer_user
                                      03D02H    00000H
                  @@CODEL  IIC        03D02H    001D3H
                  @@CODEL  inv_mpu    03ED5H    02994H
                  @@CODEL  inv_mpu_dmp_motion_driver
                                      06869H    0156DH
                  @@CODEL  Matrix3f   07DD6H    0119FH
                  @@CODEL  Vector3f   08F75H    0071DH
                  @@CODEL  AP_Math    09692H    00421H
                  @@CODEL  delay      09AB3H    00086H
                  @@CODEL  r_cg_it    09B39H    00032H
                  @@CODEL  r_cg_it_user
                                      09B6BH    00007H
                  @@CODEL  ahrs       09B72H    00BB8H
                  @@CODEL  cmd        0A72AH    00E2FH
                  @@CODEL  AC_PID     0B559H    00563H
                  @@CODEL  AP_MotorsQuard
                                      0BABCH    002D6H
                  @@CODEL  ArduCopter
                                      0BD92H    00FCEH
                  @@CODEL  RC_Channel
                                      0CD60H    0001BH
                  @@CODEL  r_cg_adc   0CD7BH    00052H
                  @@CODEL  r_cg_adc_user
                                      0CDCDH    00000H
                  @@CODEL  ccd        0CDCDH    00315H
                  @@CODEL  task       0D0E2H    000FEH
         @@LCODEL                     0D1E0H    01123H  CSEG
                  @@LCODEL @stkinit   0D1E0H    00044H
                  @@LCODEL sprintf_n
                                      0D224H    0046AH
                  @@LCODEL exit       0D68EH    0001CH
                  @@LCODEL abs        0D6AAH    00008H
                  @@LCODEL memcpy_n   0D6B2H    0001AH
                  @@LCODEL memcmp_n   0D6CCH    0001FH
                  @@LCODEL memset_n   0D6EBH    00019H
                  @@LCODEL strlen_n   0D704H    0000AH
                  @@LCODEL printf_n   0D70EH    00479H
                  @@LCODEL putchar    0DB87H    00006H
                  @@LCODEL m_asin     0DB8DH    00023H
                  @@LCODEL m_fcom4    0DBB0H    00041H
                  @@LCODEL m_fasinx   0DBF1H    0006EH
                  @@LCODEL m_fcom3    0DC5FH    0007FH
                  @@LCODEL m_fatanx   0DCDEH    000D7H
                  @@LCODEL m_fsubx    0DDB5H    00006H
                  @@LCODEL m_fcom2    0DDBBH    0003CH
                  @@LCODEL m_atan2    0DDF7H    0007DH
                  @@LCODEL m_sin      0DE74H    00012H
                  @@LCODEL m_fsinx    0DE86H    000FDH
                  @@LCODEL m_cos      0DF83H    00017H
                  @@LCODEL m_pow      0DF9AH    00108H
                  @@LCODEL m_fexpx    0E0A2H    000C2H
                  @@LCODEL m_flogx    0E164H    000C5H
                  @@LCODEL m_sqrt     0E229H    00013H
                  @@LCODEL m_fsqrtx   0E23CH    000C2H
                  @@LCODEL m_fabs     0E2FEH    00005H
* gap *                               0E303H    01AFDH
         ??OCDROM                     0FE00H    00200H  CSEG

  MEMORY=RAM
  BASE ADDRESS=FEF00H   SIZE=01100H
         OUTPUT   INPUT    INPUT      BASE      SIZE
         SEGMENT  SEGMENT  MODULE     ADDRESS
         @@DATA                       FEF00H    007CCH  DSEG BASEP
                  @@DATA   @cstart    FEF00H    000BAH
                  @@DATA   r_main     FEFBAH    00024H
                  @@DATA   r_systeminit
                                      FEFDEH    00000H
                  @@DATA   r_cg_cgc   FEFDEH    00000H
                  @@DATA   r_cg_cgc_user
                                      FEFDEH    00000H
                  @@DATA   r_cg_port
                                      FEFDEH    00000H
                  @@DATA   r_cg_port_user
                                      FEFDEH    00000H
                  @@DATA   r_cg_intc
                                      FEFDEH    00000H
                  @@DATA   r_cg_intc_user
                                      FEFDEH    00000H
                  @@DATA   r_cg_serial
                                      FEFDEH    0001EH
                  @@DATA   r_cg_serial_user
                                      FEFFCH    0002AH
                  @@DATA   r_cg_timer
                                      FF026H    00000H
                  @@DATA   r_cg_timer_user
                                      FF026H    00004H
                  @@DATA   IIC        FF02AH    00000H
                  @@DATA   inv_mpu    FF02AH    00014H
                  @@DATA   inv_mpu_dmp_motion_driver
                                      FF03EH    00000H
                  @@DATA   Matrix3f   FF03EH    000F0H
                  @@DATA   Vector3f   FF12EH    00048H
                  @@DATA   AP_Math    FF176H    00000H
                  @@DATA   delay      FF176H    00000H
                  @@DATA   r_cg_it    FF176H    00000H
                  @@DATA   r_cg_it_user
                                      FF176H    00000H
                  @@DATA   ahrs       FF176H    00096H
                  @@DATA   cmd        FF20CH    00000H
                  @@DATA   AC_PID     FF20CH    00000H
                  @@DATA   AP_MotorsQuard
                                      FF20CH    00012H
                  @@DATA   ArduCopter
                                      FF21EH    00154H
                  @@DATA   RC_Channel
                                      FF372H    00000H
                  @@DATA   r_cg_adc   FF372H    00000H
                  @@DATA   r_cg_adc_user
                                      FF372H    00006H
                  @@DATA   ccd        FF378H    00080H
                  @@DATA   task       FF3F8H    002D4H
                  @@DATA   @rom       FF6CCH    00000H
         @@INIT                       FF6CCH    000B2H  DSEG BASEP
                  @@INIT   @cstart    FF6CCH    00000H
                  @@INIT   r_main     FF6CCH    00006H
                  @@INIT   r_systeminit
                                      FF6D2H    00000H
                  @@INIT   r_cg_cgc   FF6D2H    00000H
                  @@INIT   r_cg_cgc_user
                                      FF6D2H    00000H
                  @@INIT   r_cg_port
                                      FF6D2H    00000H
                  @@INIT   r_cg_port_user
                                      FF6D2H    00000H
                  @@INIT   r_cg_intc
                                      FF6D2H    00000H
                  @@INIT   r_cg_intc_user
                                      FF6D2H    00002H
                  @@INIT   r_cg_serial
                                      FF6D4H    00000H
                  @@INIT   r_cg_serial_user
                                      FF6D4H    00002H
                  @@INIT   r_cg_timer
                                      FF6D6H    00000H
                  @@INIT   r_cg_timer_user
                                      FF6D6H    00008H
                  @@INIT   IIC        FF6DEH    00000H
                  @@INIT   inv_mpu    FF6DEH    00030H
                  @@INIT   inv_mpu_dmp_motion_driver
                                      FF70EH    00010H
                  @@INIT   Matrix3f   FF71EH    00000H
                  @@INIT   Vector3f   FF71EH    00000H
                  @@INIT   AP_Math    FF71EH    00000H
                  @@INIT   delay      FF71EH    00000H
                  @@INIT   r_cg_it    FF71EH    00000H
                  @@INIT   r_cg_it_user
                                      FF71EH    00016H
                  @@INIT   ahrs       FF734H    00016H
                  @@INIT   cmd        FF74AH    00000H
                  @@INIT   AC_PID     FF74AH    00000H
                  @@INIT   AP_MotorsQuard
                                      FF74AH    00004H
                  @@INIT   ArduCopter
                                      FF74EH    00022H
                  @@INIT   RC_Channel
                                      FF770H    00000H
                  @@INIT   r_cg_adc   FF770H    00000H
                  @@INIT   r_cg_adc_user
                                      FF770H    00000H
                  @@INIT   ccd        FF770H    0000EH
                  @@INIT   task       FF77EH    00000H
                  @@INIT   @rom       FF77EH    00000H
         @@INIS                       FF77EH    00000H  DSEG UNITP
                  @@INIS   @cstart    FF77EH    00000H
                  @@INIS   r_main     FF77EH    00000H
                  @@INIS   r_systeminit
                                      FF77EH    00000H
                  @@INIS   r_cg_cgc   FF77EH    00000H
                  @@INIS   r_cg_cgc_user
                                      FF77EH    00000H
                  @@INIS   r_cg_port
                                      FF77EH    00000H
                  @@INIS   r_cg_port_user
                                      FF77EH    00000H
                  @@INIS   r_cg_intc
                                      FF77EH    00000H
                  @@INIS   r_cg_intc_user
                                      FF77EH    00000H
                  @@INIS   r_cg_serial
                                      FF77EH    00000H
                  @@INIS   r_cg_serial_user
                                      FF77EH    00000H
                  @@INIS   r_cg_timer
                                      FF77EH    00000H
                  @@INIS   r_cg_timer_user
                                      FF77EH    00000H
                  @@INIS   IIC        FF77EH    00000H
                  @@INIS   inv_mpu    FF77EH    00000H
                  @@INIS   inv_mpu_dmp_motion_driver
                                      FF77EH    00000H
                  @@INIS   Matrix3f   FF77EH    00000H
                  @@INIS   Vector3f   FF77EH    00000H
                  @@INIS   AP_Math    FF77EH    00000H
                  @@INIS   delay      FF77EH    00000H
                  @@INIS   r_cg_it    FF77EH    00000H
                  @@INIS   r_cg_it_user
                                      FF77EH    00000H
                  @@INIS   ahrs       FF77EH    00000H
                  @@INIS   cmd        FF77EH    00000H
                  @@INIS   AC_PID     FF77EH    00000H
                  @@INIS   AP_MotorsQuard
                                      FF77EH    00000H
                  @@INIS   ArduCopter
                                      FF77EH    00000H
                  @@INIS   RC_Channel
                                      FF77EH    00000H
                  @@INIS   r_cg_adc   FF77EH    00000H
                  @@INIS   r_cg_adc_user
                                      FF77EH    00000H
                  @@INIS   ccd        FF77EH    00000H
                  @@INIS   task       FF77EH    00000H
                  @@INIS   @rom       FF77EH    00000H
         @@DATS                       FF77EH    00000H  DSEG UNITP
                  @@DATS   @cstart    FF77EH    00000H
                  @@DATS   r_main     FF77EH    00000H
                  @@DATS   r_systeminit
                                      FF77EH    00000H
                  @@DATS   r_cg_cgc   FF77EH    00000H
                  @@DATS   r_cg_cgc_user
                                      FF77EH    00000H
                  @@DATS   r_cg_port
                                      FF77EH    00000H
                  @@DATS   r_cg_port_user
                                      FF77EH    00000H
                  @@DATS   r_cg_intc
                                      FF77EH    00000H
                  @@DATS   r_cg_intc_user
                                      FF77EH    00000H
                  @@DATS   r_cg_serial
                                      FF77EH    00000H
                  @@DATS   r_cg_serial_user
                                      FF77EH    00000H
                  @@DATS   r_cg_timer
                                      FF77EH    00000H
                  @@DATS   r_cg_timer_user
                                      FF77EH    00000H
                  @@DATS   IIC        FF77EH    00000H
                  @@DATS   inv_mpu    FF77EH    00000H
                  @@DATS   inv_mpu_dmp_motion_driver
                                      FF77EH    00000H
                  @@DATS   Matrix3f   FF77EH    00000H
                  @@DATS   Vector3f   FF77EH    00000H
                  @@DATS   AP_Math    FF77EH    00000H
                  @@DATS   delay      FF77EH    00000H
                  @@DATS   r_cg_it    FF77EH    00000H
                  @@DATS   r_cg_it_user
                                      FF77EH    00000H
                  @@DATS   ahrs       FF77EH    00000H
                  @@DATS   cmd        FF77EH    00000H
                  @@DATS   AC_PID     FF77EH    00000H
                  @@DATS   AP_MotorsQuard
                                      FF77EH    00000H
                  @@DATS   ArduCopter
                                      FF77EH    00000H
                  @@DATS   RC_Channel
                                      FF77EH    00000H
                  @@DATS   r_cg_adc   FF77EH    00000H
                  @@DATS   r_cg_adc_user
                                      FF77EH    00000H
                  @@DATS   ccd        FF77EH    00000H
                  @@DATS   task       FF77EH    00000H
                  @@DATS   @rom       FF77EH    00000H
         @@INITL                      FF77EH    00000H  DSEG UNIT64KP
                  @@INITL  @cstart    FF77EH    00000H
                  @@INITL  r_main     FF77EH    00000H
                  @@INITL  r_systeminit
                                      FF77EH    00000H
                  @@INITL  r_cg_cgc   FF77EH    00000H
                  @@INITL  r_cg_cgc_user
                                      FF77EH    00000H
                  @@INITL  r_cg_port
                                      FF77EH    00000H
                  @@INITL  r_cg_port_user
                                      FF77EH    00000H
                  @@INITL  r_cg_intc
                                      FF77EH    00000H
                  @@INITL  r_cg_intc_user
                                      FF77EH    00000H
                  @@INITL  r_cg_serial
                                      FF77EH    00000H
                  @@INITL  r_cg_serial_user
                                      FF77EH    00000H
                  @@INITL  r_cg_timer
                                      FF77EH    00000H
                  @@INITL  r_cg_timer_user
                                      FF77EH    00000H
                  @@INITL  IIC        FF77EH    00000H
                  @@INITL  inv_mpu    FF77EH    00000H
                  @@INITL  inv_mpu_dmp_motion_driver
                                      FF77EH    00000H
                  @@INITL  Matrix3f   FF77EH    00000H
                  @@INITL  Vector3f   FF77EH    00000H
                  @@INITL  AP_Math    FF77EH    00000H
                  @@INITL  delay      FF77EH    00000H
                  @@INITL  r_cg_it    FF77EH    00000H
                  @@INITL  r_cg_it_user
                                      FF77EH    00000H
                  @@INITL  ahrs       FF77EH    00000H
                  @@INITL  cmd        FF77EH    00000H
                  @@INITL  AC_PID     FF77EH    00000H
                  @@INITL  AP_MotorsQuard
                                      FF77EH    00000H
                  @@INITL  ArduCopter
                                      FF77EH    00000H
                  @@INITL  RC_Channel
                                      FF77EH    00000H
                  @@INITL  r_cg_adc   FF77EH    00000H
                  @@INITL  r_cg_adc_user
                                      FF77EH    00000H
                  @@INITL  ccd        FF77EH    00000H
                  @@INITL  task       FF77EH    00000H
                  @@INITL  @rom       FF77EH    00000H
         @@DATAL                      FF77EH    00000H  DSEG UNIT64KP
                  @@DATAL  @cstart    FF77EH    00000H
                  @@DATAL  r_main     FF77EH    00000H
                  @@DATAL  r_systeminit
                                      FF77EH    00000H
                  @@DATAL  r_cg_cgc   FF77EH    00000H
                  @@DATAL  r_cg_cgc_user
                                      FF77EH    00000H
                  @@DATAL  r_cg_port
                                      FF77EH    00000H
                  @@DATAL  r_cg_port_user
                                      FF77EH    00000H
                  @@DATAL  r_cg_intc
                                      FF77EH    00000H
                  @@DATAL  r_cg_intc_user
                                      FF77EH    00000H
                  @@DATAL  r_cg_serial
                                      FF77EH    00000H
                  @@DATAL  r_cg_serial_user
                                      FF77EH    00000H
                  @@DATAL  r_cg_timer
                                      FF77EH    00000H
                  @@DATAL  r_cg_timer_user
                                      FF77EH    00000H
                  @@DATAL  IIC        FF77EH    00000H
                  @@DATAL  inv_mpu    FF77EH    00000H
                  @@DATAL  inv_mpu_dmp_motion_driver
                                      FF77EH    00000H
                  @@DATAL  Matrix3f   FF77EH    00000H
                  @@DATAL  Vector3f   FF77EH    00000H
                  @@DATAL  AP_Math    FF77EH    00000H
                  @@DATAL  delay      FF77EH    00000H
                  @@DATAL  r_cg_it    FF77EH    00000H
                  @@DATAL  r_cg_it_user
                                      FF77EH    00000H
                  @@DATAL  ahrs       FF77EH    00000H
                  @@DATAL  cmd        FF77EH    00000H
                  @@DATAL  AC_PID     FF77EH    00000H
                  @@DATAL  AP_MotorsQuard
                                      FF77EH    00000H
                  @@DATAL  ArduCopter
                                      FF77EH    00000H
                  @@DATAL  RC_Channel
                                      FF77EH    00000H
                  @@DATAL  r_cg_adc   FF77EH    00000H
                  @@DATAL  r_cg_adc_user
                                      FF77EH    00000H
                  @@DATAL  ccd        FF77EH    00000H
                  @@DATAL  task       FF77EH    00000H
                  @@DATAL  @rom       FF77EH    00000H
         @@BITS                       FF77EH    00000H  BSEG
                  @@BITS   @cstart    FF77EH.0  00000H.0
                  @@BITS   r_main     FF77EH.0  00000H.0
                  @@BITS   r_systeminit
                                      FF77EH.0  00000H.0
                  @@BITS   r_cg_cgc   FF77EH.0  00000H.0
                  @@BITS   r_cg_cgc_user
                                      FF77EH.0  00000H.0
                  @@BITS   r_cg_port
                                      FF77EH.0  00000H.0
                  @@BITS   r_cg_port_user
                                      FF77EH.0  00000H.0
                  @@BITS   r_cg_intc
                                      FF77EH.0  00000H.0
                  @@BITS   r_cg_intc_user
                                      FF77EH.0  00000H.0
                  @@BITS   r_cg_serial
                                      FF77EH.0  00000H.0
                  @@BITS   r_cg_serial_user
                                      FF77EH.0  00000H.0
                  @@BITS   r_cg_timer
                                      FF77EH.0  00000H.0
                  @@BITS   r_cg_timer_user
                                      FF77EH.0  00000H.0
                  @@BITS   IIC        FF77EH.0  00000H.0
                  @@BITS   inv_mpu    FF77EH.0  00000H.0
                  @@BITS   inv_mpu_dmp_motion_driver
                                      FF77EH.0  00000H.0
                  @@BITS   Matrix3f   FF77EH.0  00000H.0
                  @@BITS   Vector3f   FF77EH.0  00000H.0
                  @@BITS   AP_Math    FF77EH.0  00000H.0
                  @@BITS   delay      FF77EH.0  00000H.0
                  @@BITS   r_cg_it    FF77EH.0  00000H.0
                  @@BITS   r_cg_it_user
                                      FF77EH.0  00000H.0
                  @@BITS   ahrs       FF77EH.0  00000H.0
                  @@BITS   cmd        FF77EH.0  00000H.0
                  @@BITS   AC_PID     FF77EH.0  00000H.0
                  @@BITS   AP_MotorsQuard
                                      FF77EH.0  00000H.0
                  @@BITS   ArduCopter
                                      FF77EH.0  00000H.0
                  @@BITS   RC_Channel
                                      FF77EH.0  00000H.0
                  @@BITS   r_cg_adc   FF77EH.0  00000H.0
                  @@BITS   r_cg_adc_user
                                      FF77EH.0  00000H.0
                  @@BITS   ccd        FF77EH.0  00000H.0
                  @@BITS   task       FF77EH.0  00000H.0
* gap *                               FF77EH    00756H
         @@SEGREG                     FFED4H    00004H  DSEG AT
                  @@SEGREG @SEGREG    FFED4H    00004H
         @@RTARG0                     FFED8H    00008H  DSEG AT
                  @@RTARG0 @RTARG0    FFED8H    00008H
* gap *                               FFEE0H    00020H
* gap (Not Free Area) *               FFF00H    00100H


 Target chip : R5F100LE
 Device file : V1.12
